on:
  pull-request:
    branches:
    - main
  workflow-dispatch: {}
jobs: {}
