on:
  pull-request:
    branches:
    - main
    paths:
    - foo/**
jobs: {}
